menu.c:16:6:save_var	40	static
menu.c:43:6:load_var	40	static
menu.c:60:6:main_screen	16	static
menu.c:75:6:cast_16_to_8	32	static
menu.c:91:6:cast_8_to_16	24	static
menu.c:107:6:menu	80	static
menu.c:143:6:servis_menu	4	static
menu.c:153:6:pouring_menu	40	static
menu.c:175:6:change_var	16	static
menu.c:201:6:choose_var	208	static
menu.c:366:6:switch_page	16	static
menu.c:397:6:switch_var	16	static
menu.c:458:6:switch_to_var	16	static
menu.c:485:6:menu_change	8	static
menu.c:513:6:switch_menu	8	static
