menu.c:9:6:save_var	40	static
menu.c:29:6:load_var	40	static
menu.c:41:6:main_screen	16	static
menu.c:48:6:cast_16_to_8	32	static
menu.c:56:6:cast_8_to_16	24	static
menu.c:65:6:menu	80	static
menu.c:96:6:servis_menu	4	static
menu.c:101:6:pouring_menu	40	static
menu.c:117:6:change_var	16	static
menu.c:140:6:choose_var	208	static
menu.c:300:6:switch_page	16	static
menu.c:326:6:switch_var	16	static
menu.c:382:6:switch_to_var	16	static
menu.c:404:6:menu_change	8	static
menu.c:430:6:switch_menu	8	static
