pouring.c:12:6:save	40	static
pouring.c:40:6:load	40	static
pouring.c:57:6:flow	64	static
pouring.c:98:6:pwm_valve	32	static
pouring.c:126:6:HAL_TIM_PeriodElapsedCallback	16	static
pouring.c:143:6:time	32	static
pouring.c:162:6:error_check	16	static
pouring.c:179:6:error_hendler	8	static
pouring.c:194:6:start_sequence	16	static
pouring.c:230:6:stop_sequence	8	static
pouring.c:248:6:gas	16	static
pouring.c:258:6:pouring	16	static
pouring.c:276:6:drainage	16	static
pouring.c:284:6:filling_cycle	24	static
