pouring.c:15:6:save	40	static
pouring.c:44:6:load	40	static
pouring.c:66:6:load_init	8	static
pouring.c:103:6:flow	64	static
pouring.c:147:6:pwm_valve	32	static
pouring.c:180:6:HAL_TIM_PeriodElapsedCallback	16	static
pouring.c:203:6:time	32	static
pouring.c:226:6:error_check	16	static
pouring.c:248:6:error_hendler	8	static
pouring.c:270:6:start_sequence	16	static
pouring.c:308:6:stop_sequence	8	static
pouring.c:332:6:gas	16	static
pouring.c:350:6:pouring	16	static
pouring.c:375:6:drainage	16	static
pouring.c:392:6:filling_cycle	24	static
